/Library/Developer/CommandLineTools/usr/bin/make setup
./scripts/mix-gate setup
Resolving Hex dependencies...
Resolution completed in 0.095s
Unchanged:
  absinthe 1.12.0
  bandit 1.12.5
  bunt 1.0.0
  cc_precompiler 0.1.11
  credo 1.7.19
  date_time_parser 1.3.0
  decimal 3.1.1
  dialyxir 1.4.8
  ecto 3.14.2
  elixir_make 0.10.0
  erlex 0.2.9
  file_system 1.1.1
  finch 0.23.0
  fine 0.1.6
  floki 0.38.4
  hpax 1.0.4
  jason 1.4.5
  kday 1.1.0
  lazy_html 0.1.12 VULNERABLE!
    EEF-CVE-2026-92106 (LOW)
    aka: CVE-2026-92106, GHSA-8rqp-v692-v82q
    lazy_html serializes SVG and MathML style and script text unescaped, allowing mutation XSS
    https://osv.dev/vulnerability/EEF-CVE-2026-92106
  mime 2.0.7
  mint 1.10.0 VULNERABLE!
    EEF-CVE-2026-92103 (MEDIUM)
    aka: CVE-2026-92103, GHSA-q95c-ccq6-j5j6
    Mint HTTP/2 client buffers oversized frames up to 16 MiB before enforcing max_frame_size
    https://osv.dev/vulnerability/EEF-CVE-2026-92103

    EEF-CVE-2026-82672 (MEDIUM)
    aka: CVE-2026-82672, GHSA-rj5m-69wp-cxq9
    Unvalidated chunk-size line tail in Mint HTTP/1 client enables response smuggling against strict intermediaries on pooled connections
    https://osv.dev/vulnerability/EEF-CVE-2026-82672

    EEF-CVE-2026-91043 (HIGH)
    aka: CVE-2026-91043, GHSA-9x8p-qrf4-jq7g
    HPACK-indexed cookie fields in Mint HTTP/2 responses bypass max_header_list_size and exhaust client memory
    https://osv.dev/vulnerability/EEF-CVE-2026-91043

    EEF-CVE-2026-94194 (MEDIUM)
    aka: CVE-2026-94194, GHSA-gvrc-75rc-7gj9
    Mint HTTP/1 client applies chunked framing when chunked is not the final transfer coding, enabling response smuggling through intermediaries
    https://osv.dev/vulnerability/EEF-CVE-2026-94194
  nimble_options 1.1.1
  nimble_parsec 1.4.2
  nimble_pool 1.1.0
  phoenix 1.8.14
  phoenix_html 4.3.0
  phoenix_live_view 1.2.12
  phoenix_pubsub 2.3.0
  phoenix_template 1.1.0
  plug 1.20.3
  plug_crypto 2.2.0
  req 0.7.4
  solid 1.3.4
  telemetry 1.4.2
  thousand_island 1.5.0
  websock 0.5.3
  websock_adapter 0.6.0
  yamerl 0.10.0
  yaml_elixir 2.12.2
Found packages with security advisories, see above for details
All dependencies have been fetched
/Library/Developer/CommandLineTools/usr/bin/make build
./scripts/mix-gate build
Compiling 4 files (.ex)
Generated symphony_elixir app
Generated escript bin/symphony with MIX_ENV=dev
/Library/Developer/CommandLineTools/usr/bin/make fmt-check
./scripts/mix-gate format --check-formatted
/Library/Developer/CommandLineTools/usr/bin/make lint
./scripts/mix-gate lint
Compiling 2 files (.ex)
Generated symphony_elixir app
specs.check: all public functions have @spec or exemption
Checking 258 source files (this might take a while) ...

Please report incorrect results: https://github.com/rrrene/credo/issues

Analysis took 8.5 seconds (0.3s to load, 8.2s running 69 checks on 258 files)
5877 mods/funs, found no issues.

Use `mix credo explain` to explain issues, `mix credo --help` for options.
