Compiling 2 files (.ex)
Generated symphony_elixir app
Running ExUnit with seed: 556064, max_cases: 20

PRO-924 after: Blocked SymphonyLinearPoll 20 parallel HTTP/aggregate readers max_elapsed_ms=11 age_ms=10140
..............Traceback (most recent call last):
  File "/Users/tr/QuantHub/Symphony-worktrees/PRO-969/priv/linear_app/issue_lease.py", line 15, in <module>
    print("locked", flush=True)
    ~~~~~^^^^^^^^^^^^^^^^^^^^^^
BrokenPipeError: [Errno 32] Broken pipe

During handling of the above exception, another exception occurred:

Traceback (most recent call last):
  File "/Users/tr/QuantHub/Symphony-worktrees/PRO-969/priv/linear_app/issue_lease.py", line 20, in <module>
    print("unavailable", flush=True)
    ~~~~~^^^^^^^^^^^^^^^^^^^^^^^^^^^
BrokenPipeError: [Errno 32] Broken pipe
..PRO-969 after: snapshot_elapsed_ms=0 blocked_scan_ms=2167 no_stall_retry=true
...................................................................................erl_child_setup: failed with error 32 on line 284
.............................................................................................................................PRO-969 hop cache: tasks=10 members=3 initial_locks=3 changed_source_locks=1 restart_locks=3
............................................................................................................
Finished in 170.5 seconds (0.00s async, 170.5s sync)
332 tests, 0 failures
